// Jest Snapshot v1, https://goo.gl/fbAQLP

exports[`login test 1`] = `
ShallowWrapper {
  Symbol(enzyme.__root__): [Circular],
  Symbol(enzyme.__unrendered__): <Home
    ViewAllQuestionResults={
      Object {
        "item": Object {
          "question_date": "Tue, 02 Oct 2018 00:00:00 GMT",
          "question_id": 1,
          "questions": "what is andela",
          "user_id": 1,
          "user_name": "kegz",
        },
      }
    }
    ViewAllQuestionsAction={[Function]}
  />,
  Symbol(enzyme.__renderer__): Object {
    "batchedUpdates": [Function],
    "getNode": [Function],
    "render": [Function],
    "simulateError": [Function],
    "simulateEvent": [Function],
    "unmount": [Function],
  },
  Symbol(enzyme.__node__): Object {
    "instance": null,
    "key": undefined,
    "nodeType": "host",
    "props": Object {
      "children": <div
        className="row"
      >
        <div
          className="col-md-12"
        >
          <div
            className="card cloudy-knoxville-gradient mb-4 wow fadeIn"
          >
            <div>
              <div
                className="card-header unique-color-dark  white-text text-center mt-0 py-4"
              >
                <img
                  className="img-responsive"
                  src="https://res.cloudinary.com/dksxmwjqs/image/upload/v1546420242/zstzna8xsm5zv8c5laxm.jpg"
                />
              </div>
            </div>
            <div
              className="card-body"
            >
              <div />
            </div>
          </div>
        </div>
      </div>,
      "className": "body-container ",
    },
    "ref": null,
    "rendered": Object {
      "instance": null,
      "key": undefined,
      "nodeType": "host",
      "props": Object {
        "children": <div
          className="col-md-12"
        >
          <div
            className="card cloudy-knoxville-gradient mb-4 wow fadeIn"
          >
            <div>
              <div
                className="card-header unique-color-dark  white-text text-center mt-0 py-4"
              >
                <img
                  className="img-responsive"
                  src="https://res.cloudinary.com/dksxmwjqs/image/upload/v1546420242/zstzna8xsm5zv8c5laxm.jpg"
                />
              </div>
            </div>
            <div
              className="card-body"
            >
              <div />
            </div>
          </div>
        </div>,
        "className": "row",
      },
      "ref": null,
      "rendered": Object {
        "instance": null,
        "key": undefined,
        "nodeType": "host",
        "props": Object {
          "children": <div
            className="card cloudy-knoxville-gradient mb-4 wow fadeIn"
          >
            <div>
              <div
                className="card-header unique-color-dark  white-text text-center mt-0 py-4"
              >
                <img
                  className="img-responsive"
                  src="https://res.cloudinary.com/dksxmwjqs/image/upload/v1546420242/zstzna8xsm5zv8c5laxm.jpg"
                />
              </div>
            </div>
            <div
              className="card-body"
            >
              <div />
            </div>
          </div>,
          "className": "col-md-12",
        },
        "ref": null,
        "rendered": Object {
          "instance": null,
          "key": undefined,
          "nodeType": "host",
          "props": Object {
            "children": Array [
              <div>
                <div
                  className="card-header unique-color-dark  white-text text-center mt-0 py-4"
                >
                  <img
                    className="img-responsive"
                    src="https://res.cloudinary.com/dksxmwjqs/image/upload/v1546420242/zstzna8xsm5zv8c5laxm.jpg"
                  />
                </div>
              </div>,
              <div
                className="card-body"
              >
                <div />
              </div>,
            ],
            "className": "card cloudy-knoxville-gradient mb-4 wow fadeIn",
          },
          "ref": null,
          "rendered": Array [
            Object {
              "instance": null,
              "key": undefined,
              "nodeType": "host",
              "props": Object {
                "children": <div
                  className="card-header unique-color-dark  white-text text-center mt-0 py-4"
                >
                  <img
                    className="img-responsive"
                    src="https://res.cloudinary.com/dksxmwjqs/image/upload/v1546420242/zstzna8xsm5zv8c5laxm.jpg"
                  />
                </div>,
              },
              "ref": null,
              "rendered": Object {
                "instance": null,
                "key": undefined,
                "nodeType": "host",
                "props": Object {
                  "children": <img
                    className="img-responsive"
                    src="https://res.cloudinary.com/dksxmwjqs/image/upload/v1546420242/zstzna8xsm5zv8c5laxm.jpg"
                  />,
                  "className": "card-header unique-color-dark  white-text text-center mt-0 py-4",
                },
                "ref": null,
                "rendered": Object {
                  "instance": null,
                  "key": undefined,
                  "nodeType": "host",
                  "props": Object {
                    "className": "img-responsive",
                    "src": "https://res.cloudinary.com/dksxmwjqs/image/upload/v1546420242/zstzna8xsm5zv8c5laxm.jpg",
                  },
                  "ref": null,
                  "rendered": null,
                  "type": "img",
                },
                "type": "div",
              },
              "type": "div",
            },
            Object {
              "instance": null,
              "key": undefined,
              "nodeType": "host",
              "props": Object {
                "children": <div />,
                "className": "card-body",
              },
              "ref": null,
              "rendered": Object {
                "instance": null,
                "key": undefined,
                "nodeType": "host",
                "props": Object {
                  "children": Array [],
                },
                "ref": null,
                "rendered": Array [],
                "type": "div",
              },
              "type": "div",
            },
          ],
          "type": "div",
        },
        "type": "div",
      },
      "type": "div",
    },
    "type": "div",
  },
  Symbol(enzyme.__nodes__): Array [
    Object {
      "instance": null,
      "key": undefined,
      "nodeType": "host",
      "props": Object {
        "children": <div
          className="row"
        >
          <div
            className="col-md-12"
          >
            <div
              className="card cloudy-knoxville-gradient mb-4 wow fadeIn"
            >
              <div>
                <div
                  className="card-header unique-color-dark  white-text text-center mt-0 py-4"
                >
                  <img
                    className="img-responsive"
                    src="https://res.cloudinary.com/dksxmwjqs/image/upload/v1546420242/zstzna8xsm5zv8c5laxm.jpg"
                  />
                </div>
              </div>
              <div
                className="card-body"
              >
                <div />
              </div>
            </div>
          </div>
        </div>,
        "className": "body-container ",
      },
      "ref": null,
      "rendered": Object {
        "instance": null,
        "key": undefined,
        "nodeType": "host",
        "props": Object {
          "children": <div
            className="col-md-12"
          >
            <div
              className="card cloudy-knoxville-gradient mb-4 wow fadeIn"
            >
              <div>
                <div
                  className="card-header unique-color-dark  white-text text-center mt-0 py-4"
                >
                  <img
                    className="img-responsive"
                    src="https://res.cloudinary.com/dksxmwjqs/image/upload/v1546420242/zstzna8xsm5zv8c5laxm.jpg"
                  />
                </div>
              </div>
              <div
                className="card-body"
              >
                <div />
              </div>
            </div>
          </div>,
          "className": "row",
        },
        "ref": null,
        "rendered": Object {
          "instance": null,
          "key": undefined,
          "nodeType": "host",
          "props": Object {
            "children": <div
              className="card cloudy-knoxville-gradient mb-4 wow fadeIn"
            >
              <div>
                <div
                  className="card-header unique-color-dark  white-text text-center mt-0 py-4"
                >
                  <img
                    className="img-responsive"
                    src="https://res.cloudinary.com/dksxmwjqs/image/upload/v1546420242/zstzna8xsm5zv8c5laxm.jpg"
                  />
                </div>
              </div>
              <div
                className="card-body"
              >
                <div />
              </div>
            </div>,
            "className": "col-md-12",
          },
          "ref": null,
          "rendered": Object {
            "instance": null,
            "key": undefined,
            "nodeType": "host",
            "props": Object {
              "children": Array [
                <div>
                  <div
                    className="card-header unique-color-dark  white-text text-center mt-0 py-4"
                  >
                    <img
                      className="img-responsive"
                      src="https://res.cloudinary.com/dksxmwjqs/image/upload/v1546420242/zstzna8xsm5zv8c5laxm.jpg"
                    />
                  </div>
                </div>,
                <div
                  className="card-body"
                >
                  <div />
                </div>,
              ],
              "className": "card cloudy-knoxville-gradient mb-4 wow fadeIn",
            },
            "ref": null,
            "rendered": Array [
              Object {
                "instance": null,
                "key": undefined,
                "nodeType": "host",
                "props": Object {
                  "children": <div
                    className="card-header unique-color-dark  white-text text-center mt-0 py-4"
                  >
                    <img
                      className="img-responsive"
                      src="https://res.cloudinary.com/dksxmwjqs/image/upload/v1546420242/zstzna8xsm5zv8c5laxm.jpg"
                    />
                  </div>,
                },
                "ref": null,
                "rendered": Object {
                  "instance": null,
                  "key": undefined,
                  "nodeType": "host",
                  "props": Object {
                    "children": <img
                      className="img-responsive"
                      src="https://res.cloudinary.com/dksxmwjqs/image/upload/v1546420242/zstzna8xsm5zv8c5laxm.jpg"
                    />,
                    "className": "card-header unique-color-dark  white-text text-center mt-0 py-4",
                  },
                  "ref": null,
                  "rendered": Object {
                    "instance": null,
                    "key": undefined,
                    "nodeType": "host",
                    "props": Object {
                      "className": "img-responsive",
                      "src": "https://res.cloudinary.com/dksxmwjqs/image/upload/v1546420242/zstzna8xsm5zv8c5laxm.jpg",
                    },
                    "ref": null,
                    "rendered": null,
                    "type": "img",
                  },
                  "type": "div",
                },
                "type": "div",
              },
              Object {
                "instance": null,
                "key": undefined,
                "nodeType": "host",
                "props": Object {
                  "children": <div />,
                  "className": "card-body",
                },
                "ref": null,
                "rendered": Object {
                  "instance": null,
                  "key": undefined,
                  "nodeType": "host",
                  "props": Object {
                    "children": Array [],
                  },
                  "ref": null,
                  "rendered": Array [],
                  "type": "div",
                },
                "type": "div",
              },
            ],
            "type": "div",
          },
          "type": "div",
        },
        "type": "div",
      },
      "type": "div",
    },
  ],
  Symbol(enzyme.__options__): Object {
    "adapter": ReactSixteenAdapter {
      "options": Object {
        "enableComponentDidUpdateOnSetState": true,
        "lifecycles": Object {
          "componentDidUpdate": Object {
            "onSetState": true,
          },
          "getDerivedStateFromProps": true,
          "getSnapshotBeforeUpdate": true,
          "setState": Object {
            "skipsComponentDidUpdateOnNullish": true,
          },
        },
      },
    },
  },
}
`;
